../Core/Src/main.c:73:5:cmp	8	static
../Core/Src/main.c:191:6:HAL_DAC_ConvCpltCallbackCh1	0	static
../Core/Src/main.c:356:6:SystemClock_Config	88	static,ignoring_inline_asm
../Core/Src/main.c:404:6:circular_shift	416	static
../Core/Src/main.c:429:8:corr1000_200	16	static
../Core/Src/main.c:438:8:modulus	24	static
../Core/Src/main.c:446:6:cal_2frqs	376	static
../Core/Src/main.c:478:6:get_pos_angle	48	static
../Core/Src/main.c:496:6:fft_cal_2types	10312	static
../Core/Src/main.c:207:5:main	64	static
../Core/Src/main.c:568:6:Error_Handler	0	static,ignoring_inline_asm
